$ git config --global user.name "Blale"
$ git config --global user.email "carlodanilo.sindayen.cics@ust.edu.ph"
$ git config user.name
Blale

$ git config user.email
carlodanilo.sindayen.cics@ust.edu.ph

$ git init
Initialized empty Git repository in D:/GitProject/.git/

$ git remote add origin https://github.com/BlaleBlale/GitProject.git
$ git status
On branch master

No commits yet

Untracked files:
  (use "git add <file>..." to include in what will be committed)
        home.py

nothing added to commit but untracked files present (use "git add" to track)

$ git add home.py

// CREATE BRANCH
$ git branch -M main

// HOW TO ADD/UPDATE FILES
$ git add . //adds all files or updates them
$ git commit -m 'commit details'
[master (root-commit) 2258c06] initial commit
 1 file changed, 0 insertions(+), 0 deletions(-)
 create mode 100644 home.py
$ git push origin main